// Jest Snapshot v1, https://goo.gl/fbAQLP

exports[`Dialog Dialog.Header renders consistently 1`] = `
.c0 {
  padding: 16px;
  background-color: #f6f8fa;
}

.c2 {
  font-size: 14px;
  font-weight: 600;
  font-family: sans-serif;
  color: #1F2328;
}

.c1 {
  border-radius: 6px 6px 0px 0px;
  border-bottom: 1px solid #d0d7de;
  display: -webkit-box;
  display: -webkit-flex;
  display: -ms-flexbox;
  display: flex;
}

@media screen and (max-width:750px) {
  .c1 {
    border-radius: 0px;
  }
}

<div
  className="c0 c1"
>
  <span
    className="c2"
    color="fg.default"
    fontFamily="sans-serif"
    fontSize={1}
    fontWeight="bold"
  />
</div>
`;

exports[`Dialog renders consistently 1`] = `
[
  .c0:before {
  position: fixed;
  top: 0;
  right: 0;
  bottom: 0;
  left: 0;
  display: block;
  cursor: default;
  content: ' ';
  background: transparent;
  z-index: 99;
  background: rgba(31,35,40,0.5);
}

@media (forced-colors:active) {

}

@media screen and (max-width:750px) {

}

@media screen and (max-width:750px) {

}

<span
    className="c0"
  />,
  .c1 {
  display: inline-block;
}

.c4 {
  padding: 16px;
  background-color: #f6f8fa;
}

.c7 {
  padding: 16px;
}

.c2 {
  border-radius: 6px;
  border: 1px solid;
  border-color: transparent;
  font-family: inherit;
  font-weight: 500;
  font-size: 14px;
  cursor: pointer;
  -webkit-appearance: none;
  -moz-appearance: none;
  appearance: none;
  -webkit-user-select: none;
  -moz-user-select: none;
  -ms-user-select: none;
  user-select: none;
  -webkit-text-decoration: none;
  text-decoration: none;
  text-align: center;
  display: -webkit-box;
  display: -webkit-flex;
  display: -ms-flexbox;
  display: flex;
  -webkit-align-items: center;
  -webkit-box-align: center;
  -ms-flex-align: center;
  align-items: center;
  -webkit-box-pack: justify;
  -webkit-justify-content: space-between;
  -ms-flex-pack: justify;
  justify-content: space-between;
  height: 32px;
  padding: 0 12px;
  gap: 8px;
  min-width: -webkit-max-content;
  min-width: -moz-max-content;
  min-width: max-content;
  -webkit-transition: 80ms cubic-bezier(0.65,0,0.35,1);
  transition: 80ms cubic-bezier(0.65,0,0.35,1);
  -webkit-transition-property: color,fill,background-color,border-color;
  transition-property: color,fill,background-color,border-color;
  color: #24292f;
  background-color: transparent;
  box-shadow: none;
}

.c2:focus:not(:disabled) {
  box-shadow: none;
  outline: 2px solid #0969da;
  outline-offset: -2px;
}

.c2:focus:not(:disabled):not(:focus-visible) {
  outline: solid 1px transparent;
}

.c2:focus-visible:not(:disabled) {
  box-shadow: none;
  outline: 2px solid #0969da;
  outline-offset: -2px;
}

.c2[href] {
  display: -webkit-inline-box;
  display: -webkit-inline-flex;
  display: -ms-inline-flexbox;
  display: inline-flex;
}

.c2[href]:hover {
  -webkit-text-decoration: none;
  text-decoration: none;
}

.c2:hover {
  -webkit-transition-duration: 80ms;
  transition-duration: 80ms;
}

.c2:active {
  -webkit-transition: none;
  transition: none;
}

.c2[data-inactive] {
  cursor: auto;
}

.c2:disabled,
.c2[aria-disabled][data-loading="false"] {
  cursor: not-allowed;
  box-shadow: none;
  color: #8c959f;
}

.c2:disabled [data-component=ButtonCounter],
.c2[aria-disabled][data-loading="false"] [data-component=ButtonCounter],
.c2:disabled [data-component="leadingVisual"],
.c2[aria-disabled][data-loading="false"] [data-component="leadingVisual"],
.c2:disabled [data-component="trailingAction"],
.c2[aria-disabled][data-loading="false"] [data-component="trailingAction"] {
  color: inherit;
}

.c2 [data-component=ButtonCounter] {
  font-size: 12px;
}

.c2[data-component=IconButton] {
  display: inline-grid;
  padding: unset;
  place-content: center;
  width: 32px;
  min-width: unset;
}

.c2[data-size="small"] {
  padding: 0 8px;
  height: 28px;
  gap: 4px;
  font-size: 12px;
}

.c2[data-size="small"] [data-component="text"] {
  line-height: calc(20 / 12);
}

.c2[data-size="small"] [data-component=ButtonCounter] {
  font-size: 12px;
}

.c2[data-size="small"] [data-component="buttonContent"] > :not(:last-child) {
  margin-right: 4px;
}

.c2[data-size="small"][data-component=IconButton] {
  width: 28px;
  padding: unset;
}

.c2[data-size="large"] {
  padding: 0 16px;
  height: 40px;
  gap: 8px;
}

.c2[data-size="large"] [data-component="buttonContent"] > :not(:last-child) {
  margin-right: 8px;
}

.c2[data-size="large"][data-component=IconButton] {
  width: 40px;
  padding: unset;
}

.c2[data-block="block"] {
  width: 100%;
}

.c2[data-inactive]:not([disabled]) {
  background-color: var(--button-inactive-bgColor,#eaeef2);
  border-color: var(--button-inactive-bgColor,#eaeef2);
  color: var(--button-inactive-fgColor,#57606a);
}

.c2[data-inactive]:not([disabled]):focus-visible {
  box-shadow: none;
}

.c2 [data-component="leadingVisual"] {
  grid-area: leadingVisual;
  color: #656d76;
}

.c2 [data-component="text"] {
  -webkit-align-items: center;
  -webkit-box-align: center;
  -ms-flex-align: center;
  align-items: center;
  display: -webkit-box;
  display: -webkit-flex;
  display: -ms-flexbox;
  display: flex;
  grid-area: text;
  line-height: calc(20/14);
  white-space: nowrap;
}

.c2 [data-component="trailingVisual"] {
  grid-area: trailingVisual;
}

.c2 [data-component="trailingAction"] {
  margin-right: -4px;
  color: #656d76;
}

.c2 [data-component="buttonContent"] {
  -webkit-flex: 1 0 auto;
  -ms-flex: 1 0 auto;
  flex: 1 0 auto;
  display: grid;
  grid-template-areas: "leadingVisual text trailingVisual";
  grid-template-columns: min-content minmax(0,auto) min-content;
  -webkit-align-items: center;
  -webkit-box-align: center;
  -ms-flex-align: center;
  align-items: center;
  -webkit-align-content: center;
  -ms-flex-line-pack: center;
  align-content: center;
}

.c2 [data-component="buttonContent"] > :not(:last-child) {
  margin-right: 8px;
}

.c2 [data-component="loadingSpinner"] {
  grid-area: text;
  margin-right: 0px !important;
  place-self: center;
}

.c2 [data-component="loadingSpinner"] + [data-component="text"] {
  visibility: hidden;
}

.c2:hover:not([disabled]):not([aria-disabled][data-loading="false"]) {
  background-color: rgba(208,215,222,0.32);
}

.c2:active:not([disabled]):not([aria-disabled][data-loading="false"]) {
  background-color: rgba(208,215,222,0.48);
}

.c2[aria-expanded=true] {
  background-color: rgba(208,215,222,0.24);
}

.c2[data-component="IconButton"][data-no-visuals] {
  color: #656d76;
}

.c2[data-no-visuals] {
  color: #0969da;
  position: absolute;
  top: 8px;
  right: 16px;
}

.c2:has([data-component="ButtonCounter"]) {
  color: #24292f;
}

.c2:disabled[data-no-visuals],
.c2[aria-disabled][data-loading="false"][data-no-visuals] {
  color: #8c959f;
}

.c2:disabled[data-no-visuals] [data-component=ButtonCounter],
.c2[aria-disabled][data-loading="false"][data-no-visuals] [data-component=ButtonCounter] {
  color: inherit;
}

.c3:not(:focus):not(:active):not(:focus-within) {
  -webkit-clip-path: inset(50%);
  clip-path: inset(50%);
  height: 1px;
  overflow: hidden;
  position: absolute;
  white-space: nowrap;
  width: 1px;
}

.c6 {
  font-size: 14px;
  font-weight: 600;
  font-family: sans-serif;
  color: #1F2328;
}

.c8 {
  font-family: sans-serif;
}

.c0 {
  box-shadow: 0 8px 24px rgba(140,149,159,0.2);
  border-radius: 6px;
  position: fixed;
  top: 0;
  left: 50%;
  -webkit-transform: translateX(-50%);
  -ms-transform: translateX(-50%);
  transform: translateX(-50%);
  max-height: 80vh;
  z-index: 999;
  margin: 10vh auto;
  background-color: #ffffff;
  width: 440px;
  outline: none;
}

.c5 {
  border-radius: 6px 6px 0px 0px;
  border-bottom: 1px solid #d0d7de;
  display: -webkit-box;
  display: -webkit-flex;
  display: -ms-flexbox;
  display: flex;
}

@media (forced-colors:active) {
  .c2:focus {
    outline: solid 1px transparent;
  }
}

@media screen and (max-width:750px) {
  .c0 {
    width: 100vw;
    margin: 0;
    border-radius: 0;
    height: 100vh;
  }
}

@media screen and (max-width:750px) {
  .c5 {
    border-radius: 0px;
  }
}

<div
    aria-labelledby="header"
    aria-modal="true"
    className="c0"
    onKeyDown={[Function]}
    role="dialog"
    tabIndex={-1}
  >
    <div
      className="c1"
    >
      <button
        aria-describedby=":r0:-loading-announcement"
        aria-label="Close"
        aria-labelledby=":r0:-label"
        className="c2"
        data-block={null}
        data-component="IconButton"
        data-loading={false}
        data-no-visuals={true}
        onClick={[Function]}
        type="button"
      >
        <svg
          aria-hidden="true"
          className="octicon octicon-x"
          fill="currentColor"
          focusable="false"
          height={16}
          role="img"
          style={
            {
              "display": "inline-block",
              "overflow": "visible",
              "userSelect": "none",
              "verticalAlign": "text-bottom",
            }
          }
          viewBox="0 0 16 16"
          width={16}
        >
          <path
            d="M3.72 3.72a.75.75 0 0 1 1.06 0L8 6.94l3.22-3.22a.749.749 0 0 1 1.275.326.749.749 0 0 1-.215.734L9.06 8l3.22 3.22a.749.749 0 0 1-.326 1.275.749.749 0 0 1-.734-.215L8 9.06l-3.22 3.22a.751.751 0 0 1-1.042-.018.751.751 0 0 1-.018-1.042L6.94 8 3.72 4.78a.75.75 0 0 1 0-1.06Z"
          />
        </svg>
      </button>
      <div
        className="c3"
      >
        <span
          aria-live="polite"
          id=":r0:-loading-announcement"
        />
      </div>
    </div>
    <div
      className="c4 c5"
      id="header"
    >
      <span
        className="c6"
        color="fg.default"
        fontFamily="sans-serif"
        fontSize={1}
        fontWeight="bold"
      >
        Title
      </span>
    </div>
    <div
      className="c7"
    >
      <span
        className="c8"
        fontFamily="sans-serif"
      >
        Some content
      </span>
    </div>
  </div>,
]
`;
